============================= test session starts =============================
platform win32 -- Python 3.13.13, pytest-8.3.4, pluggy-1.6.0 -- C:\Users\sujh\AppData\Local\Programs\Python\Python313\python.exe
cachedir: .pytest_cache
benchmark: 5.2.3 (defaults: timer=time.perf_counter disable_gc=False min_rounds=5 min_time=0.000005 max_time=1.0 calibration_precision=10 warmup=False warmup_iterations=100000)
rootdir: D:\Azure AI\MomDiary\backend
configfile: pyproject.toml
plugins: anyio-4.7.0, asyncio-0.26.0, benchmark-5.2.3, cov-7.1.0
asyncio: mode=Mode.AUTO, asyncio_default_fixture_loop_scope=None, asyncio_default_test_loop_scope=function
collecting ... collected 1 item

tests/integration/test_put_idempotency.py::test_repeated_put_byte_identical FAILED [100%]

================================== FAILURES ===================================
______________________ test_repeated_put_byte_identical _______________________

client = <httpx.AsyncClient object at 0x0000023F91D5BA10>
session = <sqlalchemy.ext.asyncio.session.AsyncSession object at 0x0000023F91FC3ED0>
scripted_agent = ScriptedAgent(_queue=[], calls=[{'message': 'Correct that feed to 150 ml.', 'correlation_id': '00635ff1-628d-44e0-b960... ml.', 'correlation_id': 'ae7a0643-710f-4e2a-8bff-1b54534fa270', 'entry_id': None, 'entry_type': None, 'history': []}])

    @pytest.mark.asyncio
    async def test_repeated_put_byte_identical(
        client: AsyncClient, session: AsyncSession, scripted_agent: ScriptedAgent
    ) -> None:
        row = await FeedsRepository(session).create(
            feed_type="formula",
            quantity=120,
            unit="ml",
            occurred_at="2026-05-16T08:00:00-07:00",
        )
        await session.commit()
    
        scripted_agent.script(
            "update_feed", entry_id=row.id, quantity=150
        ).script(
            "update_feed", entry_id=row.id, quantity=150
        )
        body = {"message": "Correct that feed to 150 ml."}
        r1 = await client.put("/v1/entries", json=body)
        r2 = await client.put("/v1/entries", json=body)
        assert r1.status_code == r2.status_code == 200
    
        # Strip volatile fields before comparing
        def canonical(payload: dict) -> dict:
            e = dict(payload["entry"])
            e.pop("updated_at", None)
            return {**payload, "entry": e, "correlation_id": None, "session_id": None}
    
>       assert canonical(r1.json()) == canonical(r2.json())
E       AssertionError: assert {'agent_messa...: 'feed', ...} == {'agent_messa...: 'feed', ...}
E         
E         Omitting 5 identical items, use -vv to show
E         Differing items:
E         {'agent_message': 'Feed updated.'} != {'agent_message': 'No changes were needed.'}
E         
E         Full diff:
E           {...
E         
E         ...Full output truncated (16 lines hidden), use '-vv' to show

tests\integration\test_put_idempotency.py:41: AssertionError
---------------------------- Captured stdout setup ----------------------------
2026-05-23 19:49:20 [info     ] app.routers_registered         [momdiary.main] count=9
2026-05-23 19:49:20 [info     ] app.routers_registered         [momdiary.main] count=9
2026-05-23 19:49:20 [info     ] db.engine.creating             [momdiary.db.engine] url=sqlite+aiosqlite:///C:\Users\sujh\AppData\Local\Temp\pytest-of-sujh\pytest-115\test_repeated_put_byte_identic0\momdiary-test.db
---------------------------- Captured stderr setup ----------------------------
INFO  [alembic.runtime.migration] Context impl SQLiteImpl.
INFO  [alembic.runtime.migration] Will assume non-transactional DDL.
INFO  [alembic.runtime.migration] Running upgrade  -> 0001, initial schema
INFO  [alembic.runtime.migration] Running upgrade 0001 -> 0002, feature 006: caregiver accounts, baby profiles, baby-scoped diary tables.
---------------------------- Captured stdout call -----------------------------
2026-05-23 19:49:21 [info     ] feeds.created                  [momdiary.db.repositories.feeds] entry_id=1 feed_type=formula quantity=120 unit=ml
2026-05-23 19:49:21 [info     ] http.request.started           [momdiary.observability.middleware] correlation_id=00635ff1-628d-44e0-b960-60a6f378ddcc correlation_provided=False method=PUT path=/v1/entries
2026-05-23 19:49:21 [info     ] session.created                [momdiary.agents.session_store] baby_id=1 correlation_id=00635ff1-628d-44e0-b960-60a6f378ddcc session_id=71617db0 user_id=1
2026-05-23 19:49:21 [info     ] session.appended               [momdiary.agents.session_store] baby_id=1 correlation_id=00635ff1-628d-44e0-b960-60a6f378ddcc outcome=None role=caregiver session_id=71617db0 turn_count=1 user_id=1
2026-05-23 19:49:21 [info     ] entries.put.received           [momdiary.api.entries] baby_id=1 branch=conversational correlation_id=00635ff1-628d-44e0-b960-60a6f378ddcc hinted_entry_id=None hinted_entry_type=None user_id=1
2026-05-23 19:49:21 [info     ] dispatch.started               [momdiary.agents.dispatcher] baby_id=1 correlation_id=00635ff1-628d-44e0-b960-60a6f378ddcc hinted_entry_id=None hinted_entry_type=None history_turns=0 message_len=28 user_id=1
2026-05-23 19:49:21 [info     ] tool.invoking                  [momdiary.agents.tools.registry] args=['entry_id', 'quantity'] baby_id=1 correlation_id=00635ff1-628d-44e0-b960-60a6f378ddcc tool=update_feed user_id=1
2026-05-23 19:49:21 [info     ] feeds.updated                  [momdiary.db.repositories.feeds] baby_id=1 correlation_id=00635ff1-628d-44e0-b960-60a6f378ddcc entry_id=1 user_id=1
2026-05-23 19:49:21 [info     ] tool.completed                 [momdiary.agents.tools.registry] baby_id=1 correlation_id=00635ff1-628d-44e0-b960-60a6f378ddcc entry_id=1 outcome=updated tool=update_feed unchanged=False user_id=1
2026-05-23 19:49:21 [info     ] dispatch.agent_run_completed   [momdiary.agents.dispatcher] baby_id=1 correlation_id=00635ff1-628d-44e0-b960-60a6f378ddcc duration_ms=5 entry_id=1 entry_type=feed outcome=updated selected_tool=update_feed unchanged=False user_id=1
2026-05-23 19:49:21 [debug    ] dispatch.audit_recorded        [momdiary.agents.dispatcher] baby_id=1 correlation_id=00635ff1-628d-44e0-b960-60a6f378ddcc outcome=updated selected_tool=update_feed user_id=1
2026-05-23 19:49:21 [info     ] session.appended               [momdiary.agents.session_store] baby_id=1 correlation_id=00635ff1-628d-44e0-b960-60a6f378ddcc outcome=updated role=assistant session_id=71617db0 turn_count=2 user_id=1
2026-05-23 19:49:21 [info     ] http.request.finished          [momdiary.observability.middleware] duration_ms=80 method=PUT path=/v1/entries status=200
2026-05-23 19:49:21 [info     ] http.request.started           [momdiary.observability.middleware] correlation_id=ae7a0643-710f-4e2a-8bff-1b54534fa270 correlation_provided=False method=PUT path=/v1/entries
2026-05-23 19:49:21 [info     ] session.created                [momdiary.agents.session_store] baby_id=1 correlation_id=ae7a0643-710f-4e2a-8bff-1b54534fa270 session_id=57a93912 user_id=1
2026-05-23 19:49:21 [info     ] session.appended               [momdiary.agents.session_store] baby_id=1 correlation_id=ae7a0643-710f-4e2a-8bff-1b54534fa270 outcome=None role=caregiver session_id=57a93912 turn_count=1 user_id=1
2026-05-23 19:49:21 [info     ] entries.put.received           [momdiary.api.entries] baby_id=1 branch=conversational correlation_id=ae7a0643-710f-4e2a-8bff-1b54534fa270 hinted_entry_id=None hinted_entry_type=None user_id=1
2026-05-23 19:49:21 [info     ] dispatch.started               [momdiary.agents.dispatcher] baby_id=1 correlation_id=ae7a0643-710f-4e2a-8bff-1b54534fa270 hinted_entry_id=None hinted_entry_type=None history_turns=0 message_len=28 user_id=1
2026-05-23 19:49:21 [info     ] tool.invoking                  [momdiary.agents.tools.registry] args=['entry_id', 'quantity'] baby_id=1 correlation_id=ae7a0643-710f-4e2a-8bff-1b54534fa270 tool=update_feed user_id=1
2026-05-23 19:49:21 [info     ] feeds.update.unchanged         [momdiary.db.repositories.feeds] baby_id=1 correlation_id=ae7a0643-710f-4e2a-8bff-1b54534fa270 entry_id=1 user_id=1
2026-05-23 19:49:21 [info     ] tool.completed                 [momdiary.agents.tools.registry] baby_id=1 correlation_id=ae7a0643-710f-4e2a-8bff-1b54534fa270 entry_id=1 outcome=updated tool=update_feed unchanged=True user_id=1
2026-05-23 19:49:21 [info     ] dispatch.agent_run_completed   [momdiary.agents.dispatcher] baby_id=1 correlation_id=ae7a0643-710f-4e2a-8bff-1b54534fa270 duration_ms=1 entry_id=1 entry_type=feed outcome=updated selected_tool=update_feed unchanged=True user_id=1
2026-05-23 19:49:21 [debug    ] dispatch.audit_recorded        [momdiary.agents.dispatcher] baby_id=1 correlation_id=ae7a0643-710f-4e2a-8bff-1b54534fa270 outcome=updated selected_tool=update_feed user_id=1
2026-05-23 19:49:21 [info     ] session.appended               [momdiary.agents.session_store] baby_id=1 correlation_id=ae7a0643-710f-4e2a-8bff-1b54534fa270 outcome=updated role=assistant session_id=57a93912 turn_count=2 user_id=1
2026-05-23 19:49:21 [info     ] http.request.finished          [momdiary.observability.middleware] duration_ms=51 method=PUT path=/v1/entries status=200
-------------------------- Captured stdout teardown ---------------------------
2026-05-23 19:49:21 [info     ] db.engine.disposing            [momdiary.db.engine]
=========================== short test summary info ===========================
FAILED tests/integration/test_put_idempotency.py::test_repeated_put_byte_identical
============================== 1 failed in 4.33s ==============================
